// Jest Snapshot v1, https://goo.gl/fbAQLP

exports[`Card render a long card 1`] = `
<div>
  <div
    class="flex py-4 gap-3"
  >
    <figure
      aria-label="Cover Image"
      class="flex justify-center items-center"
    >
      <a
        class="relative w-28 h-[calc(7rem/2*3)]"
        href="/books/bk90"
      >
        <span
          style="box-sizing: border-box; display: block; overflow: hidden; background: none; opacity: 1; border: 0px; margin: 0px; padding: 0px; position: absolute; top: 0px; left: 0px; bottom: 0px; right: 0px;"
        >
          <img
            alt="catch"
            data-nimg="fill"
            decoding="async"
            src="data:image/gif;base64,R0lGODlhAQABAIAAAAAAAP///yH5BAEAAAAALAAAAAABAAEAAAIBRAA7"
            style="position: absolute; top: 0px; left: 0px; bottom: 0px; right: 0px; box-sizing: border-box; padding: 0px; margin: auto; display: block; width: 0px; height: 0px; min-width: 100%; max-width: 100%; min-height: 100%; max-height: 100%;"
          />
          <noscript />
        </span>
      </a>
    </figure>
    <div
      class="flex flex-col gap-2 h-[calc(7rem/2*3)]"
    >
      <div
        class="inline-flex justify-start"
      >
        <a
          class="link no-underline text-primary hover:bg-primary hover:text-primary-content focus:bg-primary-focus focus:text-primary-content"
          href="/books/bk90"
        >
          <h2
            class="truncate"
          >
            catch
          </h2>
        </a>
      </div>
      <p
        class="truncate"
      >
        Gracie
      </p>
      <div
        class="inline-flex items-center text-amber-400"
      >
        <svg
          fill="currentColor"
          height="1em"
          stroke="currentColor"
          stroke-width="0"
          viewBox="0 0 512 512"
          width="1em"
          xmlns="http://www.w3.org/2000/svg"
        >
          <path
            d="M463 192H315.9L271.2 58.6C269 52.1 262.9 48 256 48s-13 4.1-15.2 10.6L196.1 192H48c-8.8 0-16 7.2-16 16 0 .9.1 1.9.3 2.7.2 3.5 1.8 7.4 6.7 11.3l120.9 85.2-46.4 134.9c-2.3 6.5 0 13.8 5.5 18 2.9 2.1 5.6 3.9 9 3.9 3.3 0 7.2-1.7 10-3.6l118-84.1 118 84.1c2.8 2 6.7 3.6 10 3.6 3.4 0 6.1-1.7 8.9-3.9 5.6-4.2 7.8-11.4 5.5-18L352 307.2l119.9-86 2.9-2.5c2.6-2.8 5.2-6.6 5.2-10.7 0-8.8-8.2-16-17-16z"
          />
        </svg>
        <svg
          fill="currentColor"
          height="1em"
          stroke="currentColor"
          stroke-width="0"
          viewBox="0 0 512 512"
          width="1em"
          xmlns="http://www.w3.org/2000/svg"
        >
          <path
            d="M463 192H315.9L271.2 58.6C269 52.1 262.9 48 256 48s-13 4.1-15.2 10.6L196.1 192H48c-8.8 0-16 7.2-16 16 0 .9.1 1.9.3 2.7.2 3.5 1.8 7.4 6.7 11.3l120.9 85.2-46.4 134.9c-2.3 6.5 0 13.8 5.5 18 2.9 2.1 5.6 3.9 9 3.9 3.3 0 7.2-1.7 10-3.6l118-84.1 118 84.1c2.8 2 6.7 3.6 10 3.6 3.4 0 6.1-1.7 8.9-3.9 5.6-4.2 7.8-11.4 5.5-18L352 307.2l119.9-86 2.9-2.5c2.6-2.8 5.2-6.6 5.2-10.7 0-8.8-8.2-16-17-16z"
          />
        </svg>
        <svg
          fill="currentColor"
          height="1em"
          stroke="currentColor"
          stroke-width="0"
          viewBox="0 0 512 512"
          width="1em"
          xmlns="http://www.w3.org/2000/svg"
        >
          <path
            d="M463 192H315.9L271.2 58.6C269 52.1 262.9 48 256 48s-13 4.1-15.2 10.6L196.1 192H48c-8.8 0-16 7.2-16 16 0 .9.1 1.9.3 2.7.2 3.5 1.8 7.4 6.7 11.3l120.9 85.2-46.4 134.9c-2.3 6.5 0 13.8 5.5 18 2.9 2.1 5.6 3.9 9 3.9 3.3 0 7.2-1.7 10-3.6l118-84.1 118 84.1c2.8 2 6.7 3.6 10 3.6 3.4 0 6.1-1.7 8.9-3.9 5.6-4.2 7.8-11.4 5.5-18L352 307.2l119.9-86 2.9-2.5c2.6-2.8 5.2-6.6 5.2-10.7 0-8.8-8.2-16-17-16z"
          />
        </svg>
        <svg
          fill="currentColor"
          height="1em"
          stroke="currentColor"
          stroke-width="0"
          viewBox="0 0 512 512"
          width="1em"
          xmlns="http://www.w3.org/2000/svg"
        >
          <path
            d="M463 192H315.9L271.2 58.6C269 52.1 262.9 48 256 48s-13 4.1-15.2 10.6L196.1 192H48c-8.8 0-16 7.2-16 16 0 .9.1 1.9.3 2.7.2 3.5 1.8 7.4 6.7 11.3l120.9 85.2-46.4 134.9c-2.3 6.5 0 13.8 5.5 18 2.9 2.1 5.6 3.9 9 3.9 3.3 0 7.2-1.7 10-3.6l118-84.1 118 84.1c2.8 2 6.7 3.6 10 3.6 3.4 0 6.1-1.7 8.9-3.9 5.6-4.2 7.8-11.4 5.5-18L352 307.2l119.9-86 2.9-2.5c2.6-2.8 5.2-6.6 5.2-10.7 0-8.8-8.2-16-17-16zm-47.4 35.2l-79.8 57.3c-10 7.2-14.2 20.2-10.2 31.8l30.1 87.7c1.3 3.7-2.9 6.8-6.1 4.6l-77.4-55.2-.1-.1c-10-7-16.1-18.3-16.1-30.5V113.3c0-2.2 3.1-2.7 3.8-.6l29.6 88.2c3.8 11.4 14.5 19.1 26.5 19.1h97.3c3.9 0 5.5 5 2.4 7.2z"
          />
        </svg>
        <svg
          fill="currentColor"
          height="1em"
          stroke="currentColor"
          stroke-width="0"
          viewBox="0 0 512 512"
          width="1em"
          xmlns="http://www.w3.org/2000/svg"
        >
          <path
            d="M463 192H315.9L271.2 58.6C269 52.1 262.9 48 256 48s-13 4.1-15.2 10.6L196.1 192H48c-8.8 0-16 7.2-16 16 0 .9.1 1.9.3 2.7.2 3.5 1.8 7.4 6.7 11.3l120.9 85.2-46.4 134.9c-2.3 6.5 0 13.8 5.5 18 2.9 2.1 5.6 3.9 9 3.9 3.3 0 7.2-1.7 10-3.6l118-84.1 118 84.1c2.8 2 6.7 3.6 10 3.6 3.4 0 6.1-1.7 8.9-3.9 5.6-4.2 7.8-11.4 5.5-18L352 307.2l119.9-86 2.9-2.5c2.6-2.8 5.2-6.6 5.2-10.7 0-8.8-8.2-16-17-16zm-127.2 92.5c-10 7.2-14.2 20.2-10.2 31.8l30.1 87.7c1.3 3.7-2.9 6.8-6.1 4.6l-77.4-55.2c-4.9-3.5-10.6-5.2-16.3-5.2-5.7 0-11.4 1.7-16.2 5.2l-77.4 55.1c-3.2 2.3-7.4-.9-6.1-4.6l30.1-87.7c4-11.8-.2-24.8-10.3-32l-81-57.1c-3.2-2.2-1.6-7.3 2.3-7.3H196c12 0 22.7-7.7 26.5-19.1l29.6-88.2c1.2-3.6 6.4-3.6 7.6 0l29.6 88.2c3.8 11.4 14.5 19.1 26.5 19.1h97.3c3.9 0 5.5 5 2.3 7.2l-79.6 57.5z"
          />
        </svg>
        <span
          class="text-base ml-2"
        >
          7.8
        </span>
      </div>
      <p
        class="line-clamp-3 text-ellipsis"
      >
        Quis dolore similique accusantium officiis adipisci. Dolorum cum et totam eveniet culpa qui quibusdam ad facere. Rerum distinctio atque consequatur amet iure sequi voluptas dolorem. Suscipit non quam. Deserunt omnis sint similique cum aliquid est sunt odio nemo. Inventore est ut ut magnam ea dolores ipsum ea recusandae. Et facere cumque quae fuga dolor ipsa dolor. Unde sit cupiditate. Sint aspernatur ullam a est repellendus ducimus. Maxime id est dolor nobis fuga.
      </p>
    </div>
  </div>
</div>
`;

exports[`Card renders a book card correctly 1`] = `
<div>
  <div
    class="relative flex flex-col w-28"
  >
    <figure
      aria-label="Cover Image"
      class="flex justify-center items-center"
    >
      <a
        class="relative w-28 h-[calc(7rem/2*3)]"
        href="/books/bk90"
      >
        <span
          style="box-sizing: border-box; display: block; overflow: hidden; background: none; opacity: 1; border: 0px; margin: 0px; padding: 0px; position: absolute; top: 0px; left: 0px; bottom: 0px; right: 0px;"
        >
          <img
            alt="catch"
            data-nimg="fill"
            decoding="async"
            src="data:image/gif;base64,R0lGODlhAQABAIAAAAAAAP///yH5BAEAAAAALAAAAAABAAEAAAIBRAA7"
            style="position: absolute; top: 0px; left: 0px; bottom: 0px; right: 0px; box-sizing: border-box; padding: 0px; margin: auto; display: block; width: 0px; height: 0px; min-width: 100%; max-width: 100%; min-height: 100%; max-height: 100%;"
          />
          <noscript />
        </span>
      </a>
    </figure>
    <div
      class="flex flex-col text-sm"
    >
      <a
        class="link no-underline text-primary hover:bg-primary hover:text-primary-content focus:bg-primary-focus focus:text-primary-content"
        href="/books/bk90"
      >
        <h2
          class="truncate"
        >
          catch
        </h2>
      </a>
      <p
        class="truncate"
      >
        Gracie
      </p>
    </div>
  </div>
</div>
`;

exports[`Card snapshot a book skeleton card 1`] = `
<div>
  <div
    class="relative flex flex-col mb-4 w-28 animate-pulse"
  >
    <div
      class="mb-2 w-28 h-[calc(7rem/2*3)] bg-slate-700 rounded"
    />
    <div
      class="mb-2 w-24 h-2 bg-slate-700 rounded"
    />
    <div
      class="mb-2 w-20 h-2 bg-slate-700 rounded"
    />
  </div>
</div>
`;

exports[`Card snapshot a long card skeleton 1`] = `
<div>
  <div
    class="relative flex mb-4 w-full gap-3 animate-pulse"
  >
    <div
      class="mb-2 w-28 h-[calc(7rem/2*3)] bg-slate-700 rounded"
    />
    <div
      class="flex flex-col w-full gap-2"
    >
      <div
        class="mb-2 w-1/5 h-2 bg-slate-700 rounded"
      />
      <div
        class="mb-2 w-1/6 h-2 bg-slate-700 rounded"
      />
      <div>
        <div
          class="mb-2 w-4/5 h-2 bg-slate-700 rounded"
        />
        <div
          class="mb-2 w-4/5 h-2 bg-slate-700 rounded"
        />
        <div
          class="mb-2 w-4/5 h-2 bg-slate-700 rounded"
        />
        <div
          class="mb-2 w-4/6 h-2 bg-slate-700 rounded"
        />
      </div>
    </div>
  </div>
</div>
`;
