// Jest Snapshot v1, https://goo.gl/fbAQLP

exports[`Authorize API return a hmac salt 1`] = `"w4uh61mm79nxt7re"`;

exports[`Authorize API return an authorization token 1`] = `
Object {
  "id": "90019",
  "token": "2d720993-4aed-43c6-a653-90d3f9a87e9b",
}
`;
