// Jest Snapshot v1, https://goo.gl/fbAQLP

exports[`Home renders a Display Box with Header 1`] = `
<div>
  <div
    class="flex flex-col"
  >
    <h1
      class="text-2xl w-full py-2"
    >
      Example Title
    </h1>
  </div>
</div>
`;

exports[`Home renders a SubBox 1`] = `
<div>
  <div
    class="flex flex-col items-start my-2 prose"
  >
    <h2
      class="text-lg capitalize w-full my-2"
    >
      Example SubBox
    </h2>
  </div>
</div>
`;
