// Jest Snapshot v1, https://goo.gl/fbAQLP

exports[`TagsCotroller should render correctly 1`] = `
<div>
  <div
    class="flex flex-col"
  >
    <h1
      class="text-2xl w-full py-2"
    >
      Tags
    </h1>
    <div
      class="flex flex-col items-start my-2"
    >
      <h2
        class="text-lg capitalize w-full my-2"
      >
        Fresh
      </h2>
      <div
        class="flex flex-wrap gap-2"
      >
        <a
          aria-label="tag"
          class="btn btn-xs normal-case"
          href="/tags/portals"
        >
          portals
        </a>
        <a
          aria-label="tag"
          class="btn btn-xs normal-case"
          href="/tags/portals"
        >
          portals
        </a>
        <a
          aria-label="tag"
          class="btn btn-xs normal-case"
          href="/tags/portals"
        >
          portals
        </a>
      </div>
    </div>
  </div>
</div>
`;
