// Jest Snapshot v1, https://goo.gl/fbAQLP

exports[`BookInfo renders a BookInfo without meta data 1`] = `
<div>
  <div
    class="my-4 flex w-full gap-3"
  >
    <figure
      aria-label="Cover Image"
      class="flex items-center justify-center"
    >
      <div
        class="relative w-32 h-48"
      >
        <span
          style="box-sizing: border-box; display: block; overflow: hidden; background: none; opacity: 1; border: 0px; margin: 0px; padding: 0px; position: absolute; top: 0px; left: 0px; bottom: 0px; right: 0px;"
        >
          <img
            alt="title"
            data-nimg="fill"
            decoding="async"
            src="data:image/gif;base64,R0lGODlhAQABAIAAAAAAAP///yH5BAEAAAAALAAAAAABAAEAAAIBRAA7"
            style="position: absolute; top: 0px; left: 0px; bottom: 0px; right: 0px; box-sizing: border-box; padding: 0px; margin: auto; display: block; width: 0px; height: 0px; min-width: 100%; max-width: 100%; min-height: 100%; max-height: 100%;"
          />
          <noscript />
        </span>
      </div>
    </figure>
    <div
      class="flex flex-col prose"
    />
  </div>
</div>
`;
