// Jest Snapshot v1, https://goo.gl/fbAQLP

exports[`bookGrid renders a BookGrid 1`] = `
<div>
  <div
    class="flex flex-col"
  >
    <div
      class="flex flex-wrap gap-6 my-8 w-full"
    >
      <div
        class="relative flex flex-col w-28"
      >
        <figure
          aria-label="Cover Image"
          class="flex justify-center items-center"
        >
          <a
            class="relative w-28 aspect-[2/3]"
            href="/books/bk8992"
          >
            <span
              style="box-sizing: border-box; display: block; overflow: hidden; background: none; opacity: 1; border: 0px; margin: 0px; padding: 0px; position: absolute; top: 0px; left: 0px; bottom: 0px; right: 0px;"
            >
              <img
                alt="catch"
                data-nimg="fill"
                decoding="async"
                src="data:image/gif;base64,R0lGODlhAQABAIAAAAAAAP///yH5BAEAAAAALAAAAAABAAEAAAIBRAA7"
                style="position: absolute; top: 0px; left: 0px; bottom: 0px; right: 0px; box-sizing: border-box; padding: 0px; margin: auto; display: block; width: 0px; height: 0px; min-width: 100%; max-width: 100%; min-height: 100%; max-height: 100%;"
              />
              <noscript />
            </span>
          </a>
        </figure>
        <div
          class="flex flex-col text-sm"
        >
          <a
            class="link no-underline text-primary hover:bg-primary hover:text-primary-content focus:bg-primary-focus focus:text-primary-content"
            href="/books/bk8992"
          >
            <h2
              class="truncate"
            >
              catch
            </h2>
          </a>
          <p
            class="truncate"
          >
            Gracie
          </p>
        </div>
      </div>
      <div
        class="relative flex flex-col w-28"
      >
        <figure
          aria-label="Cover Image"
          class="flex justify-center items-center"
        >
          <a
            class="relative w-28 aspect-[2/3]"
            href="/books/bk8718"
          >
            <span
              style="box-sizing: border-box; display: block; overflow: hidden; background: none; opacity: 1; border: 0px; margin: 0px; padding: 0px; position: absolute; top: 0px; left: 0px; bottom: 0px; right: 0px;"
            >
              <img
                alt="cheek"
                data-nimg="fill"
                decoding="async"
                src="data:image/gif;base64,R0lGODlhAQABAIAAAAAAAP///yH5BAEAAAAALAAAAAABAAEAAAIBRAA7"
                style="position: absolute; top: 0px; left: 0px; bottom: 0px; right: 0px; box-sizing: border-box; padding: 0px; margin: auto; display: block; width: 0px; height: 0px; min-width: 100%; max-width: 100%; min-height: 100%; max-height: 100%;"
              />
              <noscript />
            </span>
          </a>
        </figure>
        <div
          class="flex flex-col text-sm"
        >
          <a
            class="link no-underline text-primary hover:bg-primary hover:text-primary-content focus:bg-primary-focus focus:text-primary-content"
            href="/books/bk8718"
          >
            <h2
              class="truncate"
            >
              cheek
            </h2>
          </a>
          <p
            class="truncate"
          >
            Lonnie
          </p>
        </div>
      </div>
      <div
        class="relative flex flex-col w-28"
      >
        <figure
          aria-label="Cover Image"
          class="flex justify-center items-center"
        >
          <a
            class="relative w-28 aspect-[2/3]"
            href="/books/bk4075"
          >
            <span
              style="box-sizing: border-box; display: block; overflow: hidden; background: none; opacity: 1; border: 0px; margin: 0px; padding: 0px; position: absolute; top: 0px; left: 0px; bottom: 0px; right: 0px;"
            >
              <img
                alt="rivulet"
                data-nimg="fill"
                decoding="async"
                src="data:image/gif;base64,R0lGODlhAQABAIAAAAAAAP///yH5BAEAAAAALAAAAAABAAEAAAIBRAA7"
                style="position: absolute; top: 0px; left: 0px; bottom: 0px; right: 0px; box-sizing: border-box; padding: 0px; margin: auto; display: block; width: 0px; height: 0px; min-width: 100%; max-width: 100%; min-height: 100%; max-height: 100%;"
              />
              <noscript />
            </span>
          </a>
        </figure>
        <div
          class="flex flex-col text-sm"
        >
          <a
            class="link no-underline text-primary hover:bg-primary hover:text-primary-content focus:bg-primary-focus focus:text-primary-content"
            href="/books/bk4075"
          >
            <h2
              class="truncate"
            >
              rivulet
            </h2>
          </a>
          <p
            class="truncate"
          >
            Raegan
          </p>
        </div>
      </div>
    </div>
    <div
      class="btn-group mx-auto"
    >
      <button
        class="btn btn-xs"
      >
        <svg
          fill="currentColor"
          height="1em"
          stroke="currentColor"
          stroke-width="0"
          viewBox="0 0 192 512"
          width="1em"
          xmlns="http://www.w3.org/2000/svg"
        >
          <path
            d="M192 127.338v257.324c0 17.818-21.543 26.741-34.142 14.142L29.196 270.142c-7.81-7.81-7.81-20.474 0-28.284l128.662-128.662c12.599-12.6 34.142-3.676 34.142 14.142z"
          />
        </svg>
        <span
          class="sr-only"
        >
          Previous Page
        </span>
      </button>
      <button
        class="btn btn-xs btn-active"
        value="0"
      >
        1
      </button>
      <button
        class="btn btn-xs"
        value="1"
      >
        2
      </button>
      <button
        class="btn btn-xs"
      >
        <svg
          fill="currentColor"
          height="1em"
          stroke="currentColor"
          stroke-width="0"
          viewBox="0 0 192 512"
          width="1em"
          xmlns="http://www.w3.org/2000/svg"
        >
          <path
            d="M0 384.662V127.338c0-17.818 21.543-26.741 34.142-14.142l128.662 128.662c7.81 7.81 7.81 20.474 0 28.284L34.142 398.804C21.543 411.404 0 402.48 0 384.662z"
          />
        </svg>
        <span
          class="sr-only"
        >
          Next Page
        </span>
      </button>
    </div>
  </div>
</div>
`;
